// Jest Snapshot v1, https://goo.gl/fbAQLP

exports[`Pruebas en <GifGridItem/> Debe mostrar el componente  1`] = `
<div
  className="card animate__animated animate__fadeIn"
>
  <img />
  <p>
     
     
  </p>
</div>
`;
